// Jest Snapshot v1, https://goo.gl/fbAQLP

exports[`MenuPage Component Snapshot test matches snapshot 1`] = `
<DocumentFragment>
  <div
    class="menu-page"
  >
    <header
      class="m-header"
    >
      <div
        class="header-top"
      >
        <div
          class="delivery-info"
        >
          <span
            class="delivery-icon"
          />
          <span>
            Get 25.00 OFF your first order, 
            <a
              href="#"
            >
              Promo: ORDER25
            </a>
          </span>
        </div>
        <div
          class="location-info"
        >
          <span
            class="location-icon"
          />
          <span>
            Nairobi, Kenya
          </span>
        </div>
      </div>
      <div
        class="header-main"
      >
        <a
          class="logo"
          href="/"
        >
          <span
            class="logo-icon"
          />
          <span
            class="logo-text"
          >
            MEALY
          </span>
        </a>
        <nav
          class="main-nav"
        >
          <a
            class="nav-link"
            href="/"
          >
            Home
          </a>
          <a
            class="nav-link active"
            href="/menu"
          >
            Menu
          </a>
          <a
            class="nav-link"
            href="/admin"
          >
            Admin
          </a>
        </nav>
      </div>
    </header>
    <section
      class="m-hero"
    >
      <div
        class="hero-content"
      >
        <h1
          class="hero-title"
        >
          READY TO SERVE
        </h1>
        <div
          class="hero-badges"
        >
          <div
            class="badge"
          >
            <span
              class="badge-icon"
            >
              ⏰
            </span>
            <span>
              Minimum Order: 12 KSH
            </span>
          </div>
          <div
            class="badge"
          >
            <span
              class="badge-icon"
            >
              🚚
            </span>
            <span>
              Delivery in 20-25 Minutes
            </span>
          </div>
        </div>
        <div
          class="hero-rating"
        >
          <div
            class="rating-stars"
          >
            ⭐⭐⭐⭐☆
          </div>
          <span
            class="rating-number"
          >
            3.4
          </span>
          <span
            class="rating-reviews"
          >
            (1,345 reviews)
          </span>
        </div>
        <button
          class="order-button"
        >
          <span
            class="order-icon"
          >
            📋
          </span>
          Order from US
        </button>
      </div>
      <div
        class="hero-sidebar"
      >
        <div
          class="search-box"
        >
          <input
            placeholder="Search from menu..."
            type="text"
          />
          <button
            class="search-btn"
          >
            🔍
          </button>
        </div>
      </div>
    </section>
    <div
      class="m-features-container"
    >
      <div
        class="features-layout"
      >
        <aside
          class="menu-sidebar"
        >
          <div
            class="sidebar-header"
          >
            <span
              class="sidebar-icon"
            >
              📋
            </span>
            <h2>
              Menu
            </h2>
          </div>
          <ul
            class="menu-categories"
          >
            <li
              class="active"
            >
              Pizzas
            </li>
            <li
              class=""
            >
              Garlic Bread
            </li>
            <li
              class=""
            >
              Calzone
            </li>
            <li
              class=""
            >
              Kebabas
            </li>
            <li
              class=""
            >
              Salads
            </li>
            <li
              class=""
            >
              Cold drinks
            </li>
            <li
              class=""
            >
              Happy Mealy
            </li>
            <li
              class=""
            >
              Desserts
            </li>
            <li
              class=""
            >
              Coffee
            </li>
            <li
              class=""
            >
              Sauces
            </li>
            <li
              class=""
            >
              KUKU
            </li>
          </ul>
        </aside>
        <main
          class="menu-main"
        >
          <div
            class="category-header"
          >
            <h2>
              Pizzas
            </h2>
          </div>
          <div
            class="menu-grid"
          >
            <div
              class="menu-item-card"
            >
              <img
                alt="Farmhouse Xtreme Pizza"
                src="image21.jpg"
              />
              <div
                class="item-info"
              >
                <h3>
                  Farmhouse Xtreme Pizza
                </h3>
                <div
                  class="item-rating"
                >
                  ⭐⭐⭐⭐⭐
                </div>
                <p
                  class="item-description"
                >
                  Mozzarella | Big size | 6 slices
                </p>
                <div
                  class="item-sizes"
                >
                  <button
                    class="size-btn"
                  >
                    Small - 650 KSH
                  </button>
                  <button
                    class="size-btn"
                  >
                    Medium - 950 KSH
                  </button>
                  <button
                    class="size-btn"
                  >
                    Large - 1250 KSH
                  </button>
                </div>
              </div>
            </div>
            <div
              class="menu-item-card"
            >
              <img
                alt="Deluxe Pizza"
                src="image22.jpg"
              />
              <div
                class="item-info"
              >
                <h3>
                  Deluxe Pizza
                </h3>
                <div
                  class="item-rating"
                >
                  ⭐⭐⭐⭐⭐
                </div>
                <p
                  class="item-description"
                >
                  Mozzarella | Big size | 6 slices
                </p>
                <div
                  class="item-sizes"
                >
                  <button
                    class="size-btn"
                  >
                    Small - 700 KSH
                  </button>
                  <button
                    class="size-btn"
                  >
                    Medium - 1000 KSH
                  </button>
                  <button
                    class="size-btn"
                  >
                    Large - 1300 KSH
                  </button>
                </div>
              </div>
            </div>
            <div
              class="menu-item-card"
            >
              <img
                alt="Tandoori Pizza"
                src="image23.jpg"
              />
              <div
                class="item-info"
              >
                <h3>
                  Tandoori Pizza
                </h3>
                <div
                  class="item-rating"
                >
                  ⭐⭐⭐⭐⭐
                </div>
                <p
                  class="item-description"
                >
                  Tandoori chicken | Spicy | 8 slices
                </p>
                <div
                  class="item-sizes"
                >
                  <button
                    class="size-btn"
                  >
                    Small - 750 KSH
                  </button>
                  <button
                    class="size-btn"
                  >
                    Medium - 1100 KSH
                  </button>
                  <button
                    class="size-btn"
                  >
                    Large - 1400 KSH
                  </button>
                </div>
              </div>
            </div>
          </div>
        </main>
        <aside
          class="basket-sidebar"
        >
          <div
            class="basket-header"
          >
            <span
              class="basket-icon"
            >
              🛒
            </span>
            <h2>
              My Basket
            </h2>
          </div>
          <div
            class="basket-items"
          >
            <div
              class="basket-item"
            >
              <div
                class="basket-item-header"
              >
                <span
                  class="item-quantity"
                >
                  1x
                </span>
                <span
                  class="item-name"
                >
                  Farmhouse Pizza
                </span>
                <button
                  class="remove-btn"
                >
                  🗑️
                </button>
              </div>
              <p
                class="item-toppings"
              >
                2x Mushrooms, 1 green peppers
              </p>
              <div
                class="item-price-edit"
              >
                <span
                  class="item-price"
                >
                  950 KSH
                </span>
              </div>
            </div>
            <div
              class="basket-item"
            >
              <div
                class="basket-item-header"
              >
                <span
                  class="item-quantity"
                >
                  2x
                </span>
                <span
                  class="item-name"
                >
                  Deluxe Pizza
                </span>
                <button
                  class="remove-btn"
                >
                  🗑️
                </button>
              </div>
              <div
                class="item-price-edit"
              >
                <span
                  class="item-price"
                >
                  1800 KSH
                </span>
              </div>
            </div>
          </div>
          <div
            class="basket-summary"
          >
            <div
              class="summary-row"
            >
              <span>
                Sub Total:
              </span>
              <span>
                KSH 4550.00
              </span>
            </div>
            <div
              class="summary-row discount"
            >
              <span>
                Discounts:
              </span>
              <span>
                -0.00
              </span>
            </div>
            <div
              class="summary-row"
            >
              <span>
                Delivery Fee:
              </span>
              <span>
                400
              </span>
            </div>
          </div>
          <div
            class="basket-total"
          >
            <span>
              Total:
            </span>
            <span>
              KSH 4950.00
            </span>
          </div>
          <div
            class="basket-actions"
          >
            <button
              class="choose-free-item"
            >
              <span>
                🎁
              </span>
              Choose your free item...
            </button>
            <button
              class="apply-coupon"
            >
              <span>
                🎫
              </span>
              Apply Coupon Code here
            </button>
          </div>
          <div
            class="delivery-options"
          >
            <button
              class="delivery-btn active"
            >
              <span>
                🚚
              </span>
              <div>
                <strong>
                  Delivery
                </strong>
                <small>
                  Starts at 17:50
                </small>
              </div>
            </button>
            <button
              class="delivery-btn"
            >
              <span>
                🏪
              </span>
              <div>
                <strong>
                  Collection
                </strong>
                <small>
                  Starts at 16:50
                </small>
              </div>
            </button>
          </div>
          <button
            class="checkout-btn"
          >
            <span>
              ✅
            </span>
            Checkout!
          </button>
        </aside>
      </div>
      <section
        class="info-cards-section"
      >
        <div
          class="info-card"
        >
          <div
            class="info-card-icon"
          >
            📍
          </div>
          <h3>
            Delivery Information
          </h3>
          <div
            class="info-times"
          >
            <div
              class="time-row"
            >
              <strong>
                Monday:
              </strong>
               12:00 AM-3:00 AM, 8:00 AM-3:00 AM
            </div>
            <div
              class="time-row"
            >
              <strong>
                Tuesday:
              </strong>
               8:00 AM-3:00 AM
            </div>
            <div
              class="time-row"
            >
              <strong>
                Wednesday:
              </strong>
               8:00 AM-3:00 AM
            </div>
            <div
              class="time-row"
            >
              <strong>
                Thursday:
              </strong>
               8:00 AM-3:00 AM
            </div>
            <div
              class="time-row"
            >
              <strong>
                Friday:
              </strong>
               8:00 AM-3:00 AM
            </div>
            <div
              class="time-row"
            >
              <strong>
                Saturday:
              </strong>
               8:00 AM-3:00 AM
            </div>
            <div
              class="time-row"
            >
              <strong>
                Sunday:
              </strong>
               8:00 AM-12:00 AM
            </div>
            <div
              class="time-row"
            >
              <strong>
                Estimated time until delivery:
              </strong>
               20 min
            </div>
          </div>
        </div>
        <div
          class="info-card"
        >
          <div
            class="info-card-icon"
          >
            📞
          </div>
          <h3>
            Contact Information
          </h3>
          <p>
            If you have allergies or other dietary restrictions, please contact the restaurant. The restaurant will provide food-specific information upon request.
          </p>
          <div
            class="contact-details"
          >
            <strong>
              Phone number
            </strong>
            <p>
              +934443-43
            </p>
            <strong>
              Website
            </strong>
            <p>
              http://mcdonalds.uk/
            </p>
          </div>
        </div>
        <div
          class="info-card dark"
        >
          <div
            class="info-card-icon"
          >
            ⏰
          </div>
          <h3>
            Operational Times
          </h3>
          <div
            class="info-times light"
          >
            <div
              class="time-row"
            >
              <strong>
                Monday:
              </strong>
               8:00 AM-3:00 AM
            </div>
            <div
              class="time-row"
            >
              <strong>
                Tuesday:
              </strong>
               8:00 AM-3:00 AM
            </div>
            <div
              class="time-row"
            >
              <strong>
                Wednesday:
              </strong>
               8:00 AM-3:00 AM
            </div>
            <div
              class="time-row"
            >
              <strong>
                Thursday:
              </strong>
               8:00 AM-3:00 AM
            </div>
            <div
              class="time-row"
            >
              <strong>
                Friday:
              </strong>
               8:00 AM-3:00 AM
            </div>
            <div
              class="time-row"
            >
              <strong>
                Saturday:
              </strong>
               8:00 AM-3:00 AM
            </div>
            <div
              class="time-row"
            >
              <strong>
                Sunday:
              </strong>
               8:00 AM-3:00 AM
            </div>
          </div>
        </div>
      </section>
      <section
        class="reviews-section"
      >
        <div
          class="reviews-header"
        >
          <h2>
            Customer Reviews
          </h2>
          <div
            class="review-nav"
          >
            <button
              class="nav-arrow"
            >
              ←
            </button>
            <button
              class="nav-arrow"
            >
              →
            </button>
          </div>
        </div>
        <div
          class="reviews-grid"
        >
          <div
            class="review-card"
          >
            <div
              class="reviewer-info"
            >
              <div
                class="reviewer-avatar"
              >
                ST
              </div>
              <div>
                <strong>
                  St Glx
                </strong>
                <p>
                  Uravu
                </p>
              </div>
              <div
                class="review-date"
              >
                <span>
                  ⭐⭐⭐⭐⭐
                </span>
                <small>
                  24th September, 2025
                </small>
              </div>
            </div>
            <p
              class="review-text"
            >
              The positive aspect was undoubtedly the efficiency of the service. The queue moved quickly, the staff was friendly, and the food was up to its usual standard - hot and satisfying.
            </p>
          </div>
          <div
            class="review-card"
          >
            <div
              class="reviewer-info"
            >
              <div
                class="reviewer-avatar"
              >
                NJ
              </div>
              <div>
                <strong>
                  Nr Jin
                </strong>
                <p>
                  U'itishu
                </p>
              </div>
              <div
                class="review-date"
              >
                <span>
                  ⭐⭐⭐⭐⭐
                </span>
                <small>
                  24th September, 2025
                </small>
              </div>
            </div>
            <p
              class="review-text"
            >
              The positive aspect was undoubtedly the efficiency of the service. The queue moved quickly, the staff was friendly, and the food was up to its usual standard - hot and satisfying.
            </p>
          </div>
        </div>
        <div
          class="overall-rating"
        >
          <div
            class="rating-badge"
          >
            <span
              class="rating-number"
            >
              3.4
            </span>
            <div
              class="rating-stars"
            >
              ⭐⭐⭐⭐☆
            </div>
            <span
              class="rating-count"
            >
              1,345 reviews
            </span>
          </div>
        </div>
      </section>
      <section
        class="similar-restaurants"
      >
        <h2>
          Similar Restaurants
        </h2>
        <div
          class="restaurants-grid"
        >
          <div
            class="restaurant-card"
          >
            <img
              alt="Mama Kulu"
              src="image4.jpg"
            />
            <div
              class="restaurant-name"
            >
              MAMA KULU
            </div>
          </div>
          <div
            class="restaurant-card"
          >
            <img
              alt="Nairobi Street Kitchen"
              src="image5.jpg"
            />
            <div
              class="restaurant-name"
            >
              Nairobi Street Kitchen
            </div>
          </div>
          <div
            class="restaurant-card"
          >
            <img
              alt="KFC"
              src="image16.jpg"
            />
            <div
              class="restaurant-name"
            >
              KFC Nairobi
            </div>
          </div>
          <div
            class="restaurant-card"
          >
            <img
              alt="Araki"
              src="image6.jpg"
            />
            <div
              class="restaurant-name"
            >
              Araki
            </div>
          </div>
          <div
            class="restaurant-card"
          >
            <img
              alt="Ashaki Restaurant"
              src="image7.jpg"
            />
            <div
              class="restaurant-name"
            >
              Ashaki Restaurant
            </div>
          </div>
          <div
            class="restaurant-card"
          >
            <img
              alt="Java House"
              src="image8.jpg"
            />
            <div
              class="restaurant-name"
            >
              JAVA HOUSE
            </div>
          </div>
        </div>
      </section>
    </div>
    <footer
      class="m-footer"
    >
      <div
        class="footer-content"
      >
        <div
          class="footer-newsletter"
        >
          <h3>
            Get Exclusive Deals in your Inbox
          </h3>
          <form
            class="newsletter-form"
          >
            <input
              placeholder="youremail@gmail.com"
              required=""
              type="email"
              value=""
            />
            <button
              type="submit"
            >
              Subscribe
            </button>
          </form>
          <p
            class="spam-notice"
          >
            we won't spam, read our 
            <a
              href="#"
            >
              email policy
            </a>
          </p>
          <div
            class="social-icons"
          >
            <a
              aria-label="Facebook"
              href="#"
            >
              <i
                class="fab fa-facebook"
              />
            </a>
            <a
              aria-label="Instagram"
              href="#"
            >
              <i
                class="fab fa-instagram"
              />
            </a>
            <a
              aria-label="TikTok"
              href="#"
            >
              <i
                class="fab fa-tiktok"
              />
            </a>
            <a
              aria-label="Snapchat"
              href="#"
            >
              <i
                class="fab fa-snapchat"
              />
            </a>
          </div>
        </div>
        <div
          class="footer-links"
        >
          <h4>
            Legal Pages
          </h4>
          <ul>
            <li>
              <a
                href="#"
              >
                Terms and conditions
              </a>
            </li>
            <li>
              <a
                href="#"
              >
                Privacy
              </a>
            </li>
            <li>
              <a
                href="#"
              >
                Cookies
              </a>
            </li>
            <li>
              <a
                href="#"
              >
                Modern Slavery Statement
              </a>
            </li>
          </ul>
        </div>
        <div
          class="footer-links"
        >
          <h4>
            Important Links
          </h4>
          <ul>
            <li>
              <a
                href="#"
              >
                Get help
              </a>
            </li>
            <li>
              <a
                href="#"
              >
                Add your restaurant
              </a>
            </li>
            <li>
              <a
                href="#"
              >
                Sign up to deliver
              </a>
            </li>
            <li>
              <a
                href="#"
              >
                Create a business account
              </a>
            </li>
          </ul>
        </div>
      </div>
      <div
        class="footer-apps"
      >
        <a
          class="app-store-btn"
          href="#"
        >
          <i
            class="fab fa-apple"
          />
          <div>
            <span>
              Download on the
            </span>
            <strong>
              App Store
            </strong>
          </div>
        </a>
        <a
          class="play-store-btn"
          href="#"
        >
          <i
            class="fab fa-google-play"
          />
          <div>
            <span>
              GET IT ON
            </span>
            <strong>
              Google Play
            </strong>
          </div>
        </a>
      </div>
      <div
        class="footer-bottom"
      >
        <p>
          MEALY Copyright 2024, All Rights Reserved.
        </p>
        <div
          class="footer-bottom-links"
        >
          <a
            href="#"
          >
            Privacy Policy
          </a>
          <a
            href="#"
          >
            Terms
          </a>
          <a
            href="#"
          >
            Pricing
          </a>
          <a
            href="#"
          >
            Do not sell or share my personal information
          </a>
        </div>
      </div>
    </footer>
  </div>
</DocumentFragment>
`;

exports[`MenuPage Component matches snapshot 1`] = `
<DocumentFragment>
  <div
    class="menu-page"
  >
    <header
      class="m-header"
    >
      <div
        class="header-top"
      >
        <div
          class="delivery-info"
        >
          <span
            class="delivery-icon"
          />
          <span>
            Get 25.00 OFF your first order, 
            <a
              href="#"
            >
              Promo: ORDER25
            </a>
          </span>
        </div>
        <div
          class="location-info"
        >
          <span
            class="location-icon"
          />
          <span>
            Nairobi, Kenya
          </span>
        </div>
      </div>
      <div
        class="header-main"
      >
        <a
          class="logo"
          href="/"
        >
          <span
            class="logo-icon"
          />
          <span
            class="logo-text"
          >
            MEALY
          </span>
        </a>
        <nav
          class="main-nav"
        >
          <a
            class="nav-link"
            href="/"
          >
            Home
          </a>
          <a
            class="nav-link active"
            href="/menu"
          >
            Menu
          </a>
          <a
            class="nav-link"
            href="/admin"
          >
            Admin
          </a>
        </nav>
      </div>
    </header>
    <section
      class="m-hero"
    >
      <div
        class="hero-content"
      >
        <h1
          class="hero-title"
        >
          READY TO SERVE
        </h1>
        <div
          class="hero-badges"
        >
          <div
            class="badge"
          >
            <span
              class="badge-icon"
            >
              ⏰
            </span>
            <span>
              Minimum Order: 12 KSH
            </span>
          </div>
          <div
            class="badge"
          >
            <span
              class="badge-icon"
            >
              🚚
            </span>
            <span>
              Delivery in 20-25 Minutes
            </span>
          </div>
        </div>
        <div
          class="hero-rating"
        >
          <div
            class="rating-stars"
          >
            ⭐⭐⭐⭐☆
          </div>
          <span
            class="rating-number"
          >
            3.4
          </span>
          <span
            class="rating-reviews"
          >
            (1,345 reviews)
          </span>
        </div>
        <button
          class="order-button"
        >
          <span
            class="order-icon"
          >
            📋
          </span>
          Order from US
        </button>
      </div>
      <div
        class="hero-sidebar"
      >
        <div
          class="search-box"
        >
          <input
            placeholder="Search from menu..."
            type="text"
          />
          <button
            class="search-btn"
          >
            🔍
          </button>
        </div>
      </div>
    </section>
    <div
      class="m-features-container"
    >
      <div
        class="features-layout"
      >
        <aside
          class="menu-sidebar"
        >
          <div
            class="sidebar-header"
          >
            <span
              class="sidebar-icon"
            >
              📋
            </span>
            <h2>
              Menu
            </h2>
          </div>
          <ul
            class="menu-categories"
          >
            <li
              class="active"
            >
              Pizzas
            </li>
            <li
              class=""
            >
              Garlic Bread
            </li>
            <li
              class=""
            >
              Calzone
            </li>
            <li
              class=""
            >
              Kebabas
            </li>
            <li
              class=""
            >
              Salads
            </li>
            <li
              class=""
            >
              Cold drinks
            </li>
            <li
              class=""
            >
              Happy Mealy
            </li>
            <li
              class=""
            >
              Desserts
            </li>
            <li
              class=""
            >
              Coffee
            </li>
            <li
              class=""
            >
              Sauces
            </li>
            <li
              class=""
            >
              KUKU
            </li>
          </ul>
        </aside>
        <main
          class="menu-main"
        >
          <div
            class="category-header"
          >
            <h2>
              Pizzas
            </h2>
          </div>
          <div
            class="menu-grid"
          >
            <div
              class="menu-item-card"
            >
              <img
                alt="Farmhouse Xtreme Pizza"
                src="image21.jpg"
              />
              <div
                class="item-info"
              >
                <h3>
                  Farmhouse Xtreme Pizza
                </h3>
                <div
                  class="item-rating"
                >
                  ⭐⭐⭐⭐⭐
                </div>
                <p
                  class="item-description"
                >
                  Mozzarella | Big size | 6 slices
                </p>
                <div
                  class="item-sizes"
                >
                  <button
                    class="size-btn"
                  >
                    Small - 650 KSH
                  </button>
                  <button
                    class="size-btn"
                  >
                    Medium - 950 KSH
                  </button>
                  <button
                    class="size-btn"
                  >
                    Large - 1250 KSH
                  </button>
                </div>
              </div>
            </div>
            <div
              class="menu-item-card"
            >
              <img
                alt="Deluxe Pizza"
                src="image22.jpg"
              />
              <div
                class="item-info"
              >
                <h3>
                  Deluxe Pizza
                </h3>
                <div
                  class="item-rating"
                >
                  ⭐⭐⭐⭐⭐
                </div>
                <p
                  class="item-description"
                >
                  Mozzarella | Big size | 6 slices
                </p>
                <div
                  class="item-sizes"
                >
                  <button
                    class="size-btn"
                  >
                    Small - 700 KSH
                  </button>
                  <button
                    class="size-btn"
                  >
                    Medium - 1000 KSH
                  </button>
                  <button
                    class="size-btn"
                  >
                    Large - 1300 KSH
                  </button>
                </div>
              </div>
            </div>
            <div
              class="menu-item-card"
            >
              <img
                alt="Tandoori Pizza"
                src="image23.jpg"
              />
              <div
                class="item-info"
              >
                <h3>
                  Tandoori Pizza
                </h3>
                <div
                  class="item-rating"
                >
                  ⭐⭐⭐⭐⭐
                </div>
                <p
                  class="item-description"
                >
                  Tandoori chicken | Spicy | 8 slices
                </p>
                <div
                  class="item-sizes"
                >
                  <button
                    class="size-btn"
                  >
                    Small - 750 KSH
                  </button>
                  <button
                    class="size-btn"
                  >
                    Medium - 1100 KSH
                  </button>
                  <button
                    class="size-btn"
                  >
                    Large - 1400 KSH
                  </button>
                </div>
              </div>
            </div>
          </div>
        </main>
        <aside
          class="basket-sidebar"
        >
          <div
            class="basket-header"
          >
            <span
              class="basket-icon"
            >
              🛒
            </span>
            <h2>
              My Basket
            </h2>
          </div>
          <div
            class="basket-items"
          >
            <div
              class="basket-item"
            >
              <div
                class="basket-item-header"
              >
                <span
                  class="item-quantity"
                >
                  1x
                </span>
                <span
                  class="item-name"
                >
                  Farmhouse Pizza
                </span>
                <button
                  class="remove-btn"
                >
                  🗑️
                </button>
              </div>
              <p
                class="item-toppings"
              >
                2x Mushrooms, 1 green peppers
              </p>
              <div
                class="item-price-edit"
              >
                <span
                  class="item-price"
                >
                  950 KSH
                </span>
              </div>
            </div>
            <div
              class="basket-item"
            >
              <div
                class="basket-item-header"
              >
                <span
                  class="item-quantity"
                >
                  2x
                </span>
                <span
                  class="item-name"
                >
                  Deluxe Pizza
                </span>
                <button
                  class="remove-btn"
                >
                  🗑️
                </button>
              </div>
              <div
                class="item-price-edit"
              >
                <span
                  class="item-price"
                >
                  1800 KSH
                </span>
              </div>
            </div>
          </div>
          <div
            class="basket-summary"
          >
            <div
              class="summary-row"
            >
              <span>
                Sub Total:
              </span>
              <span>
                KSH 4550.00
              </span>
            </div>
            <div
              class="summary-row discount"
            >
              <span>
                Discounts:
              </span>
              <span>
                -0.00
              </span>
            </div>
            <div
              class="summary-row"
            >
              <span>
                Delivery Fee:
              </span>
              <span>
                400
              </span>
            </div>
          </div>
          <div
            class="basket-total"
          >
            <span>
              Total:
            </span>
            <span>
              KSH 4950.00
            </span>
          </div>
          <div
            class="basket-actions"
          >
            <button
              class="choose-free-item"
            >
              <span>
                🎁
              </span>
              Choose your free item...
            </button>
            <button
              class="apply-coupon"
            >
              <span>
                🎫
              </span>
              Apply Coupon Code here
            </button>
          </div>
          <div
            class="delivery-options"
          >
            <button
              class="delivery-btn active"
            >
              <span>
                🚚
              </span>
              <div>
                <strong>
                  Delivery
                </strong>
                <small>
                  Starts at 17:50
                </small>
              </div>
            </button>
            <button
              class="delivery-btn"
            >
              <span>
                🏪
              </span>
              <div>
                <strong>
                  Collection
                </strong>
                <small>
                  Starts at 16:50
                </small>
              </div>
            </button>
          </div>
          <button
            class="checkout-btn"
          >
            <span>
              ✅
            </span>
            Checkout!
          </button>
        </aside>
      </div>
      <section
        class="info-cards-section"
      >
        <div
          class="info-card"
        >
          <div
            class="info-card-icon"
          >
            📍
          </div>
          <h3>
            Delivery Information
          </h3>
          <div
            class="info-times"
          >
            <div
              class="time-row"
            >
              <strong>
                Monday:
              </strong>
               12:00 AM-3:00 AM, 8:00 AM-3:00 AM
            </div>
            <div
              class="time-row"
            >
              <strong>
                Tuesday:
              </strong>
               8:00 AM-3:00 AM
            </div>
            <div
              class="time-row"
            >
              <strong>
                Wednesday:
              </strong>
               8:00 AM-3:00 AM
            </div>
            <div
              class="time-row"
            >
              <strong>
                Thursday:
              </strong>
               8:00 AM-3:00 AM
            </div>
            <div
              class="time-row"
            >
              <strong>
                Friday:
              </strong>
               8:00 AM-3:00 AM
            </div>
            <div
              class="time-row"
            >
              <strong>
                Saturday:
              </strong>
               8:00 AM-3:00 AM
            </div>
            <div
              class="time-row"
            >
              <strong>
                Sunday:
              </strong>
               8:00 AM-12:00 AM
            </div>
            <div
              class="time-row"
            >
              <strong>
                Estimated time until delivery:
              </strong>
               20 min
            </div>
          </div>
        </div>
        <div
          class="info-card"
        >
          <div
            class="info-card-icon"
          >
            📞
          </div>
          <h3>
            Contact Information
          </h3>
          <p>
            If you have allergies or other dietary restrictions, please contact the restaurant. The restaurant will provide food-specific information upon request.
          </p>
          <div
            class="contact-details"
          >
            <strong>
              Phone number
            </strong>
            <p>
              +934443-43
            </p>
            <strong>
              Website
            </strong>
            <p>
              http://mcdonalds.uk/
            </p>
          </div>
        </div>
        <div
          class="info-card dark"
        >
          <div
            class="info-card-icon"
          >
            ⏰
          </div>
          <h3>
            Operational Times
          </h3>
          <div
            class="info-times light"
          >
            <div
              class="time-row"
            >
              <strong>
                Monday:
              </strong>
               8:00 AM-3:00 AM
            </div>
            <div
              class="time-row"
            >
              <strong>
                Tuesday:
              </strong>
               8:00 AM-3:00 AM
            </div>
            <div
              class="time-row"
            >
              <strong>
                Wednesday:
              </strong>
               8:00 AM-3:00 AM
            </div>
            <div
              class="time-row"
            >
              <strong>
                Thursday:
              </strong>
               8:00 AM-3:00 AM
            </div>
            <div
              class="time-row"
            >
              <strong>
                Friday:
              </strong>
               8:00 AM-3:00 AM
            </div>
            <div
              class="time-row"
            >
              <strong>
                Saturday:
              </strong>
               8:00 AM-3:00 AM
            </div>
            <div
              class="time-row"
            >
              <strong>
                Sunday:
              </strong>
               8:00 AM-3:00 AM
            </div>
          </div>
        </div>
      </section>
      <section
        class="reviews-section"
      >
        <div
          class="reviews-header"
        >
          <h2>
            Customer Reviews
          </h2>
          <div
            class="review-nav"
          >
            <button
              class="nav-arrow"
            >
              ←
            </button>
            <button
              class="nav-arrow"
            >
              →
            </button>
          </div>
        </div>
        <div
          class="reviews-grid"
        >
          <div
            class="review-card"
          >
            <div
              class="reviewer-info"
            >
              <div
                class="reviewer-avatar"
              >
                ST
              </div>
              <div>
                <strong>
                  St Glx
                </strong>
                <p>
                  Uravu
                </p>
              </div>
              <div
                class="review-date"
              >
                <span>
                  ⭐⭐⭐⭐⭐
                </span>
                <small>
                  24th September, 2025
                </small>
              </div>
            </div>
            <p
              class="review-text"
            >
              The positive aspect was undoubtedly the efficiency of the service. The queue moved quickly, the staff was friendly, and the food was up to its usual standard - hot and satisfying.
            </p>
          </div>
          <div
            class="review-card"
          >
            <div
              class="reviewer-info"
            >
              <div
                class="reviewer-avatar"
              >
                NJ
              </div>
              <div>
                <strong>
                  Nr Jin
                </strong>
                <p>
                  U'itishu
                </p>
              </div>
              <div
                class="review-date"
              >
                <span>
                  ⭐⭐⭐⭐⭐
                </span>
                <small>
                  24th September, 2025
                </small>
              </div>
            </div>
            <p
              class="review-text"
            >
              The positive aspect was undoubtedly the efficiency of the service. The queue moved quickly, the staff was friendly, and the food was up to its usual standard - hot and satisfying.
            </p>
          </div>
        </div>
        <div
          class="overall-rating"
        >
          <div
            class="rating-badge"
          >
            <span
              class="rating-number"
            >
              3.4
            </span>
            <div
              class="rating-stars"
            >
              ⭐⭐⭐⭐☆
            </div>
            <span
              class="rating-count"
            >
              1,345 reviews
            </span>
          </div>
        </div>
      </section>
      <section
        class="similar-restaurants"
      >
        <h2>
          Similar Restaurants
        </h2>
        <div
          class="restaurants-grid"
        >
          <div
            class="restaurant-card"
          >
            <img
              alt="Mama Kulu"
              src="image4.jpg"
            />
            <div
              class="restaurant-name"
            >
              MAMA KULU
            </div>
          </div>
          <div
            class="restaurant-card"
          >
            <img
              alt="Nairobi Street Kitchen"
              src="image5.jpg"
            />
            <div
              class="restaurant-name"
            >
              Nairobi Street Kitchen
            </div>
          </div>
          <div
            class="restaurant-card"
          >
            <img
              alt="KFC"
              src="image16.jpg"
            />
            <div
              class="restaurant-name"
            >
              KFC Nairobi
            </div>
          </div>
          <div
            class="restaurant-card"
          >
            <img
              alt="Araki"
              src="image6.jpg"
            />
            <div
              class="restaurant-name"
            >
              Araki
            </div>
          </div>
          <div
            class="restaurant-card"
          >
            <img
              alt="Ashaki Restaurant"
              src="image7.jpg"
            />
            <div
              class="restaurant-name"
            >
              Ashaki Restaurant
            </div>
          </div>
          <div
            class="restaurant-card"
          >
            <img
              alt="Java House"
              src="image8.jpg"
            />
            <div
              class="restaurant-name"
            >
              JAVA HOUSE
            </div>
          </div>
        </div>
      </section>
    </div>
    <footer
      class="m-footer"
    >
      <div
        class="footer-content"
      >
        <div
          class="footer-newsletter"
        >
          <h3>
            Get Exclusive Deals in your Inbox
          </h3>
          <form
            class="newsletter-form"
          >
            <input
              placeholder="youremail@gmail.com"
              required=""
              type="email"
              value=""
            />
            <button
              type="submit"
            >
              Subscribe
            </button>
          </form>
          <p
            class="spam-notice"
          >
            we won't spam, read our 
            <a
              href="#"
            >
              email policy
            </a>
          </p>
          <div
            class="social-icons"
          >
            <a
              aria-label="Facebook"
              href="#"
            >
              <i
                class="fab fa-facebook"
              />
            </a>
            <a
              aria-label="Instagram"
              href="#"
            >
              <i
                class="fab fa-instagram"
              />
            </a>
            <a
              aria-label="TikTok"
              href="#"
            >
              <i
                class="fab fa-tiktok"
              />
            </a>
            <a
              aria-label="Snapchat"
              href="#"
            >
              <i
                class="fab fa-snapchat"
              />
            </a>
          </div>
        </div>
        <div
          class="footer-links"
        >
          <h4>
            Legal Pages
          </h4>
          <ul>
            <li>
              <a
                href="#"
              >
                Terms and conditions
              </a>
            </li>
            <li>
              <a
                href="#"
              >
                Privacy
              </a>
            </li>
            <li>
              <a
                href="#"
              >
                Cookies
              </a>
            </li>
            <li>
              <a
                href="#"
              >
                Modern Slavery Statement
              </a>
            </li>
          </ul>
        </div>
        <div
          class="footer-links"
        >
          <h4>
            Important Links
          </h4>
          <ul>
            <li>
              <a
                href="#"
              >
                Get help
              </a>
            </li>
            <li>
              <a
                href="#"
              >
                Add your restaurant
              </a>
            </li>
            <li>
              <a
                href="#"
              >
                Sign up to deliver
              </a>
            </li>
            <li>
              <a
                href="#"
              >
                Create a business account
              </a>
            </li>
          </ul>
        </div>
      </div>
      <div
        class="footer-apps"
      >
        <a
          class="app-store-btn"
          href="#"
        >
          <i
            class="fab fa-apple"
          />
          <div>
            <span>
              Download on the
            </span>
            <strong>
              App Store
            </strong>
          </div>
        </a>
        <a
          class="play-store-btn"
          href="#"
        >
          <i
            class="fab fa-google-play"
          />
          <div>
            <span>
              GET IT ON
            </span>
            <strong>
              Google Play
            </strong>
          </div>
        </a>
      </div>
      <div
        class="footer-bottom"
      >
        <p>
          MEALY Copyright 2024, All Rights Reserved.
        </p>
        <div
          class="footer-bottom-links"
        >
          <a
            href="#"
          >
            Privacy Policy
          </a>
          <a
            href="#"
          >
            Terms
          </a>
          <a
            href="#"
          >
            Pricing
          </a>
          <a
            href="#"
          >
            Do not sell or share my personal information
          </a>
        </div>
      </div>
    </footer>
  </div>
</DocumentFragment>
`;
